<html>
<body>
<pre>
<h1>µVision Build Log</h1>
<h2>Tool Versions:</h2>
IDE-Version: ¦ÌVision V5.23.0.0
Copyright (C) 2017 ARM Ltd and ARM Germany GmbH. All rights reserved.
License Information: kang hu, zju, LIC=FQQGK-ZGPEP-16ZQV-PX41N-5XIRW-MGU25
 
Tool Versions:
Toolchain:       MDK-ARM Professional  Version: 5.23
Toolchain Path:  C:\Keil_v5\ARM\ARMCC\Bin
C Compiler:      Armcc.exe V5.06 update 4 (build 422)
Assembler:       Armasm.exe V5.06 update 4 (build 422)
Linker/Locator:  ArmLink.exe V5.06 update 4 (build 422)
Library Manager: ArmAr.exe V5.06 update 4 (build 422)
Hex Converter:   FromElf.exe V5.06 update 4 (build 422)
CPU DLL:         SARMCM3.DLL V5.23
Dialog DLL:      DCM.DLL V1.15.0.0
Target DLL:      UL2CM3.DLL V1.159.7.0
Dialog DLL:      TCM.DLL V1.27.0.0
 
<h2>Project:</h2>
D:\study\FreeOS\C3 FreeRTOS system config\system config.uvprojx
Project File Date:  03/15/2018

<h2>Output:</h2>
*** Using Compiler 'V5.06 update 4 (build 422)', folder: 'C:\Keil_v5\ARM\ARMCC\Bin'
Rebuild target 'Target 1'
compiling sys.c...
compiling usart.c...
compiling list.c...
compiling event_groups.c...
compiling delay.c...
System\delay\delay.c(76): warning:  #1-D: last line of file ends without a newline
  }
System\delay\delay.c: 1 warning, 0 errors
compiling croutine.c...
compiling queue.c...
compiling tasks.c...
compiling misc.c...
compiling stm32f10x_adc.c...
compiling stm32f10x_it.c...
compiling timers.c...
compiling stm32f10x_bkp.c...
compiling port.c...
compiling heap_4.c...
compiling main.c...
.\Appinc\led.h(9): warning:  #1-D: last line of file ends without a newline
  void LED_Init(void);
User\main.c(89): warning:  #1-D: last line of file ends without a newline
  }
User\main.c: 2 warnings, 0 errors
compiling stm32f10x_dma.c...
compiling stm32f10x_exti.c...
compiling stm32f10x_dbgmcu.c...
compiling stm32f10x_dac.c...
compiling stm32f10x_flash.c...
compiling stm32f10x_crc.c...
compiling stm32f10x_cec.c...
compiling stm32f10x_can.c...
compiling stm32f10x_fsmc.c...
compiling stm32f10x_rcc.c...
compiling stm32f10x_rtc.c...
compiling stm32f10x_gpio.c...
compiling stm32f10x_sdio.c...
compiling stm32f10x_pwr.c...
compiling stm32f10x_iwdg.c...
compiling stm32f10x_i2c.c...
assembling startup_stm32f10x_hd.s...
compiling stm32f10x_usart.c...
compiling system_stm32f10x.c...
compiling stm32f10x_wwdg.c...
compiling stm32f10x_spi.c...
compiling led.c...
.\Appinc\led.h(9): warning:  #1-D: last line of file ends without a newline
  void LED_Init(void);
App\led.c: 1 warning, 0 errors
compiling stm32f10x_tim.c...
linking...
Program Size: Code=12396 RO-data=336 RW-data=180 ZI-data=23020  
".\Objects\porting.axf" - 0 Error(s), 4 Warning(s).

<h2>Software Packages used:</h2>

Package Vendor: ARM
                http://www.keil.com/pack/ARM.CMSIS.5.2.0.pack
                ARM::CMSIS:CORE:5.0.2
                CMSIS (Cortex Microcontroller Software Interface Standard)
   * Component: CORE Version: 5.0.2

Package Vendor: Keil
                http://www.keil.com/pack/Keil.STM32F1xx_DFP.2.2.0.pack
                Keil::Device:Startup:1.0.0
                STMicroelectronics STM32F1 Series Device Support, Drivers and Examples
   * Component: Startup Version: 1.0.0

Package Vendor: NordicSemiconductor
                http://developer.nordicsemi.com/nRF5_SDK/pieces/nRF_DeviceFamilyPack/NordicSemiconductor.nRF_DeviceFamilyPack.8.15.0.pack
                NordicSemiconductor::Device:StartupConfig:8.15.0
                Nordic Semiconductor nRF ARM devices Device Family Pack.
   * Component: StartupConfig Version: 8.15.0

<h2>Collection of Component include folders:</h2>
  .\RTE\Device\STM32F103VC
  .\RTE\_Target_1
  C:\Keil_v5\ARM\PACK\ARM\CMSIS\5.2.0\CMSIS\Include
  C:\Keil_v5\ARM\PACK\Keil\STM32F1xx_DFP\2.2.0\Device\Include

<h2>Collection of Component Files used:</h2>

   * Component: ARM::CMSIS:CORE:5.0.2

   * Component: Keil::Device:Startup:1.0.0
      Source file:   Device\Source\ARM\startup_stm32f10x_hd.s
      Include file:  RTE_Driver\Config\RTE_Device.h
      Source file:   Device\Source\ARM\STM32F1xx_OPT.s
      Source file:   Device\Source\system_stm32f10x.c

   * Component: NordicSemiconductor::Device:StartupConfig:8.15.0
      Include file:  Device\Source\startup_config.h
Build Time Elapsed:  00:00:07
</pre>
</body>
</html>
