<html>
<body>
<pre>
<h1>�Vision Build Log</h1>
<h2>Tool Versions:</h2>
IDE-Version: ��Vision V5.14.0.0
Copyright (C) 2015 ARM Ltd and ARM Germany GmbH. All rights reserved.
License Information: 1 iDea, 1, LIC=1WSAR-KXHIN-JMJ98-35RZY-9HME9-558GZ
 
Tool Versions:
Toolchain:       MDK-ARM Professional  Version: 5.14.0.0
Toolchain Path:  C:\Keil_v5\ARM\ARMCC\Bin
C Compiler:      Armcc.exe V5.05 update 1 (build 106)
Assembler:       Armasm.exe V5.05 update 1 (build 106)
Linker/Locator:  ArmLink.exe V5.05 update 1 (build 106)
Library Manager: ArmAr.exe V5.05 update 1 (build 106)
Hex Converter:   FromElf.exe V5.05 update 1 (build 106)
CPU DLL:         SARMCM3.DLL V5.14.0.0
Dialog DLL:      DCM.DLL V1.13.1.0
Target DLL:      UL2CM3.DLL V1.155.0.0
Dialog DLL:      TCM.DLL V1.14.4.0
 
<h2>Project:</h2>
D:\Study\FreeOS\FreeRTOS\C15 FreeRTOS soft timer\soft timer.uvprojx
Project File Date:  03/23/2018

<h2>Output:</h2>
Build target 'Target 1'
compiling usart.c...
compiling sys.c...
compiling delay.c...
System\delay\delay.c(76): warning:  #1-D: last line of file ends without a newline
  }
System\delay\delay.c: 1 warning, 0 errors
compiling croutine.c...
compiling event_groups.c...
compiling list.c...
compiling queue.c...
compiling tasks.c...
compiling timers.c...
compiling heap_4.c...
compiling port.c...
compiling main.c...
.\Appinc\led.h(9): warning:  #1-D: last line of file ends without a newline
  void LED_Init(void);
.\Appinc\key.h(19): warning:  #1-D: last line of file ends without a newline
  u8 KEY_Scan(u8);      //按键扫描函数                                        
User\main.c(124): warning:  #177-D: variable "xHighPriorityTaskWoken" was declared but never referenced
        BaseType_t xHighPriorityTaskWoken;
User\main.c: 3 warnings, 0 errors
compiling stm32f10x_it.c...
compiling misc.c...
compiling stm32f10x_adc.c...
compiling stm32f10x_bkp.c...
compiling stm32f10x_can.c...
compiling stm32f10x_cec.c...
compiling stm32f10x_crc.c...
compiling stm32f10x_dac.c...
compiling stm32f10x_dbgmcu.c...
compiling stm32f10x_dma.c...
compiling stm32f10x_exti.c...
compiling stm32f10x_flash.c...
compiling stm32f10x_fsmc.c...
compiling stm32f10x_gpio.c...
compiling stm32f10x_i2c.c...
compiling stm32f10x_iwdg.c...
compiling stm32f10x_pwr.c...
compiling stm32f10x_rcc.c...
compiling stm32f10x_rtc.c...
compiling stm32f10x_sdio.c...
compiling stm32f10x_spi.c...
compiling stm32f10x_tim.c...
compiling stm32f10x_usart.c...
compiling stm32f10x_wwdg.c...
compiling led.c...
.\Appinc\led.h(9): warning:  #1-D: last line of file ends without a newline
  void LED_Init(void);
App\led.c: 1 warning, 0 errors
compiling timer.c...
.\Appinc\led.h(9): warning:  #1-D: last line of file ends without a newline
  void LED_Init(void);
App\timer.c: 1 warning, 0 errors
compiling key.c...
.\Appinc\key.h(19): warning:  #1-D: last line of file ends without a newline
  u8 KEY_Scan(u8);      //按键扫描函数                                        
App\key.c: 1 warning, 0 errors
compiling exit.c...
.\Appinc\led.h(9): warning:  #1-D: last line of file ends without a newline
  void LED_Init(void);
.\Appinc\key.h(19): warning:  #1-D: last line of file ends without a newline
  u8 KEY_Scan(u8);      //按键扫描函数                                        
App\exit.c: 2 warnings, 0 errors
compiling mem.c...
assembling startup_stm32f10x_hd.s...
compiling system_stm32f10x.c...
linking...
Program Size: Code=13200 RO-data=336 RW-data=188 ZI-data=1132780  
".\Objects\porting.axf" - 0 Error(s), 9 Warning(s).

<h2>Software Packages used:</h2>

Package Vendor: ARM
                http://www.keil.com/pack/ARM.CMSIS.4.2.0.pack
                ARM::CMSIS:CORE:3.40.0
                CMSIS (Cortex Microcontroller Software Interface Standard)
   * Component: CORE Version: 3.40.0

Package Vendor: Keil
                http://www.keil.com/pack/Keil.STM32F1xx_DFP.1.1.0.pack
                Keil::Device:Startup:1.0.0
                STMicroelectronics STM32F1 Series Device Support, Drivers and Examples
   * Component: Startup Version: 1.0.0

Package Vendor: NordicSemiconductor
                http://developer.nordicsemi.com/nRF5_SDK/pieces/nRF_DeviceFamilyPack/NordicSemiconductor.nRF_DeviceFamilyPack.8.15.0.pack
                NordicSemiconductor::Device:StartupConfig:8.15.0
                Nordic Semiconductor nRF ARM devices Device Family Pack.
   * Component: StartupConfig Version: 8.15.0

<h2>Collection of Component include folders:</h2>
  D:\Study\FreeOS\FreeRTOS\C15 FreeRTOS soft timer\RTE
  D:\Study\FreeOS\FreeRTOS\C15 FreeRTOS soft timer\RTE\Device\STM32F103VC
  C:\Keil_v5\ARM\PACK\ARM\CMSIS\4.2.0\CMSIS\Include
  C:\Keil_v5\ARM\PACK\Keil\STM32F1xx_DFP\1.1.0\Device\Include

<h2>Collection of Component Files used:</h2>

   * Component: ARM::CMSIS:CORE:3.40.0
      Source file:   CMSIS\UserCodeTemplates\ARM\ITM_Retarget.c

   * Component: Keil::Device:Startup:1.0.0
      Source file:   Device\Source\ARM\STM32F1xx_OPT.s
      Source file:   Device\Source\ARM\startup_stm32f10x_hd.s
      Include file:  RTE_Driver\Config\RTE_Device.h
      Source file:   Device\Source\system_stm32f10x.c

   * Component: NordicSemiconductor::Device:StartupConfig:8.15.0
      Include file:  Device\Source\startup_config.h
</pre>
</body>
</html>
